
Discarded input sections

 .reginfo       0x0000000000000000        0x0 src/start.o
 .reginfo       0x0000000000000000        0x0 src/delay.o
 .comment       0x0000000000000000        0x0 src/delay.o
 .reginfo       0x0000000000000000        0x0 src/main.o
 .comment       0x0000000000000000        0x0 src/main.o
 .reginfo       0x0000000000000000        0x0 src/mcu_ops.o
 .comment       0x0000000000000000        0x0 src/mcu_ops.o
 .reginfo       0x0000000000000000        0x0 src/gpio.o
 .comment       0x0000000000000000        0x0 src/gpio.o
 .reginfo       0x0000000000000000        0x0 src/uart.o
 .comment       0x0000000000000000        0x0 src/uart.o

内存配置

名称           来源             长度             属性
tcsm_bank0       0x00000000f4000000 0x0000000000001f3c rw
tcsm_bank3_1     0x00000000f4001f3c 0x00000000000000c4 rw
tcsm_bank4_0     0x00000000f4002000 0x00000000000000c4 rw
tcsm_bank4_1     0x00000000f40020c4 0x0000000000000730 rw
*default*        0x0000000000000000 0xffffffffffffffff

Linker script and memory map


.tcsm_bank0     0x00000000f4000000      0x870
                0x00000000f4000000                . = ALIGN (0x4)
 *(.text)
 .text          0x00000000f4000000      0x220 src/start.o
                0x00000000f4000100                _intr
                0x00000000f4000138                _intr_entry
                0x00000000f4000108                _start
                0x00000000f4000000                _reset
 .text          0x00000000f4000220       0x10 src/delay.o
                0x00000000f4000220                mcu_delay
 .text          0x00000000f4000230       0xe0 src/main.o
                0x00000000f4000268                main
 .text          0x00000000f4000310       0x60 src/mcu_ops.o
                0x00000000f4000310                trap_entry
 .text          0x00000000f4000370       0xe0 src/gpio.o
                0x00000000f4000410                gpio_direction_output
                0x00000000f4000370                gpio_set_value
                0x00000000f40003d4                gpio_direction_input
                0x00000000f40003b0                gpio_get_value
 .text          0x00000000f4000450      0x3f0 src/uart.o
                0x00000000f40004e0                handle_uart_irq
                0x00000000f4000450                uart_init
 *(.data)
 .data          0x00000000f4000840        0x0 src/start.o
 .data          0x00000000f4000840        0x0 src/delay.o
 .data          0x00000000f4000840        0x0 src/main.o
 .data          0x00000000f4000840        0x0 src/mcu_ops.o
 .data          0x00000000f4000840        0x0 src/gpio.o
 .data          0x00000000f4000840        0x0 src/uart.o
                0x00000000f4000840                _gp = ALIGN (0x4)
 *(.sdata)
 *(.sdata.*)
 *(.sbss)
 *(.bss)
 .bss           0x00000000f4000840        0x0 src/start.o
 .bss           0x00000000f4000840        0x0 src/delay.o
 .bss           0x00000000f4000840       0x10 src/main.o
 .bss           0x00000000f4000850       0x10 src/mcu_ops.o
                0x00000000f4000850                need_send_mailbox
 .bss           0x00000000f4000860        0x0 src/gpio.o
 .bss           0x00000000f4000860       0x10 src/uart.o
 *(.scommon)
 *(.rodata)

.tcsm_bank3_1
 *(.tcsm_data3)

.tcsm_bank4_0
 *(.tcsm_data4)

.tcsm_bank4_1
 *(.tcsm_bank4_1)

/DISCARD/
 *(COMMON)
 *(.pdri)
 *(.comment)
 *(.gnu.attributes)
 *(.reginfo)
LOAD src/start.o
LOAD src/delay.o
LOAD src/main.o
LOAD src/mcu_ops.o
LOAD src/gpio.o
LOAD src/uart.o
OUTPUT(tmp.elf elf32-tradlittlemips)

.pdr            0x0000000000000000      0x180
 .pdr           0x0000000000000000        0x0 src/start.o
 .pdr           0x0000000000000000       0x20 src/delay.o
 .pdr           0x0000000000000020       0x40 src/main.o
 .pdr           0x0000000000000060       0x20 src/mcu_ops.o
 .pdr           0x0000000000000080       0x80 src/gpio.o
 .pdr           0x0000000000000100       0x80 src/uart.o

.mdebug.abi32   0x0000000000000000        0x0
 .mdebug.abi32  0x0000000000000000        0x0 src/delay.o
 .mdebug.abi32  0x0000000000000000        0x0 src/main.o
 .mdebug.abi32  0x0000000000000000        0x0 src/mcu_ops.o
 .mdebug.abi32  0x0000000000000000        0x0 src/gpio.o
 .mdebug.abi32  0x0000000000000000        0x0 src/uart.o
